// Jest Snapshot v1, https://goo.gl/fbAQLP

exports[`renders correctly when store is provided 1`] = `
Array [
  <div
    className="hero-bg"
  >
    <h1>
      The meals you love
    </h1>
    <h2>
      Find meals that best suits your taste buds
    </h2>
  </div>,
  <div
    className="container"
  >
    <div
      className="row pt-5 pb-3"
    >
      <div
        className="col-12 filter"
      >
        <span>
           Select categories 
        </span>
        <select
          onChange={[Function]}
        />
      </div>
    </div>
    <div
      className="row"
    />
  </div>,
]
`;
